
> philip-taiwo-portfolio@1.0.0 build
> vite build

vite v7.3.6 building client environment for production...
transforming...

/lab-editorial.css doesn't exist at build time, it will remain unchanged to be resolved at runtime

/observatory-view.css doesn't exist at build time, it will remain unchanged to be resolved at runtime
✓ 23 modules transformed.
rendering chunks...
[esbuild css minify]
▲ [WARNING] Expected identifier but found whitespace [css-syntax-error]

    <stdin>:358:29:
      358 │    typography keeps its size. */
          ╵                              ^


computing gzip size...
dist/contact.html                                2.70 kB │ gzip:   1.24 kB
dist/project.html                                3.30 kB │ gzip:   1.48 kB
dist/work.html                                   3.48 kB │ gzip:   1.52 kB
dist/observatory.html                            5.38 kB │ gzip:   1.86 kB
dist/index.html                                  9.00 kB │ gzip:   2.95 kB
dist/lab.html                                    9.97 kB │ gzip:   3.63 kB
dist/assets/app-373Av80c.css                    24.32 kB │ gzip:   6.04 kB
dist/assets/home-luxe-BHkj3aWc.css              46.17 kB │ gzip:   8.86 kB
dist/assets/SplitText-Bz_5hqgE.js                7.15 kB │ gzip:   3.35 kB
dist/assets/ai-status-orb-Cb8TvqmJ.js            7.89 kB │ gzip:   3.82 kB
dist/assets/home-command-scene-CZB4XMOl.js       7.99 kB │ gzip:   3.42 kB
dist/assets/home-aws-architecture-CsNiNDzD.js   14.00 kB │ gzip:   5.90 kB
dist/assets/lenis-BBml_0t9.js                   18.71 kB │ gzip:   5.45 kB
dist/assets/app-D4WZGglo.js                     20.40 kB │ gzip:   7.46 kB
dist/assets/ScrollTrigger-BrDuEirF.js           43.55 kB │ gzip:  18.11 kB
dist/assets/index-D4-8ALNT.js                   70.43 kB │ gzip:  27.68 kB
dist/assets/three.module-DOwmhCPw.js           477.52 kB │ gzip: 122.12 kB
✓ built in 5.71s
