exit_code=0
stdout:

> philip-taiwo-portfolio@1.0.0 build
> vite build

vite v7.3.6 building client environment for production...
transforming...
✓ 25 modules transformed.
rendering chunks...
computing gzip size...
dist/contact.html                                2.70 kB │ gzip:   1.24 kB
dist/project.html                                3.30 kB │ gzip:   1.48 kB
dist/work.html                                   3.48 kB │ gzip:   1.51 kB
dist/observatory.html                            5.40 kB │ gzip:   1.87 kB
dist/index.html                                  9.00 kB │ gzip:   2.95 kB
dist/lab.html                                    9.99 kB │ gzip:   3.64 kB
dist/assets/observatory-CpbmdcZh.css            11.08 kB │ gzip:   2.44 kB
dist/assets/lab-BYuiA7m9.css                    16.50 kB │ gzip:   2.80 kB
dist/assets/app-373Av80c.css                    24.32 kB │ gzip:   6.04 kB
dist/assets/home-luxe-EPrBPL-v.css              43.01 kB │ gzip:   8.39 kB
dist/assets/SplitText-Bz_5hqgE.js                7.15 kB │ gzip:   3.35 kB
dist/assets/home-command-scene-Cjd2St5D.js       7.76 kB │ gzip:   3.33 kB
dist/assets/ai-status-orb-Cb8TvqmJ.js            7.89 kB │ gzip:   3.82 kB
dist/assets/home-aws-architecture-Cb7FPTpF.js   14.00 kB │ gzip:   5.90 kB
dist/assets/lenis-BBml_0t9.js                   18.71 kB │ gzip:   5.45 kB
dist/assets/app-yxzbhwAo.js                     20.40 kB │ gzip:   7.46 kB
dist/assets/ScrollTrigger-BrDuEirF.js           43.55 kB │ gzip:  18.11 kB
dist/assets/index-D4-8ALNT.js                   70.43 kB │ gzip:  27.68 kB
dist/assets/three.module-DXxmdVkG.js           477.40 kB │ gzip: 122.09 kB
✓ built in 5.43s

stderr:
[esbuild css minify]
▲ [WARNING] Expected identifier but found whitespace [css-syntax-error]

    <stdin>:358:29:
      358 │    typography keeps its size. */
          ╵                              ^


